// Jest Snapshot v1, https://goo.gl/fbAQLP

exports[`renders correctly 1`] = `
<View
  style={
    Array [
      Object {
        "flex": 1,
      },
    ]
  }
>
  <View
    style={
      Array [
        Object {
          "backgroundColor": "rgb(255,255,255)",
          "flex": 1,
        },
        Object {},
      ]
    }
  >
    <Text>
      Hi
    </Text>
  </View>
</View>
`;
